[mxbo.neocities.org/index.html]
[code.jquery.com/ui/1.12.1/themes/base/jquery-ui.css]
[mxbo.neocities.org/img/icons/RomOS.png]
[code.jquery.com/jquery-1.12.4.min.js]
[code.jquery.com/ui/1.12.1/jquery-ui.min.js]
[cdnjs.cloudflare.com/ajax/libs/jqueryui-touch-punch/0.2.3/jquery.ui.touch-punch.min.js]
[cdnjs.cloudflare.com/ajax/libs/interact.js/1.10.17/interact.min.js]
[mxbo.neocities.org/script.js]
[mxbo.neocities.org/script_theme.js]
[mxbo.neocities.org/style.css]
[backblue.gif]
[fade.gif]
[index.html]
[mxbo.neocities.org/style_index.css]
[mxbo.neocities.org/img/loading.png]
[mxbo.neocities.org/img/titles/text_about.png]
[www.theotaku.com/guru_results/4017_Sans.jpg]
[www.theotaku.com/guru_results/4079_Knives.jpg]
[www.theotaku.com/guru_results/2704_Shadow.jpg]
[www.theotaku.com/guru_results/3430_Miles_Tails_Prower.jpg]
[mxbo.neocities.org/img/titles/text_to-do.png]
[mxbo.neocities.org/img/titles/text_updates.png]
[mxbo.neocities.org/rss/feed.html]
[mxbo.neocities.org/img/stamps&blinkies/t_atomfeed2.png]
[mxbo.neocities.org/img/misc/a.before.png]
[mxbo.neocities.org/img/misc/b.after.png]
[mxbo.neocities.org/img/misc/minor spelling mistake.png]
[mxbo.neocities.org/img/misc/titles_done.png]
[mxbo.neocities.org/img/titles/text_credits.png]
[mxbo.neocities.org/img/misc/iconpack1.png]
[mxbo.neocities.org/img/misc/iconpack2.png]
[mxbo.neocities.org/img/titles/text_wip.png]
[mxbo.neocities.org/img/stamps&blinkies/g_underdestruction.gif]
[mxbo.neocities.org/img/misc/me if you even care.gif]
[mxbo.neocities.org/img/stamps&blinkies/g_misspellings.gif]
[epic1.neocities.org/BaBajaCanyon9450construct4.gif]
[mxbo.neocities.org/img/stamps&blinkies/g_construction3.gif]
[mxbo.neocities.org/img/stamps&blinkies/g_construction2.gif]
[mxbo.neocities.org/img/stamps&blinkies/g_construction1.gif]
[mxbo.neocities.org/img/stamps&blinkies/b_underconstruction.gif]
[mxbo.neocities.org/img/stamps&blinkies/g_construction5.png]
[mxbo.neocities.org/img/stamps&blinkies/g_construction4.gif]
[mxbo.neocities.org/img/stamps&blinkies/g_construction6.png]
[mxbo.neocities.org/img/titles/text_collection.png]
[mxbo.neocities.org/collection/userboxes.html]
[mxbo.neocities.org/collection/stamps.html]
[mxbo.neocities.org/collection/blinkiesnbadges.html]
[mxbo.neocities.org/collection/graffiti.html]
[mxbo.neocities.org/img/button-mxbo.gif]
[mxbo.neocities.org/img/buttons/bt_1.gif]
[mxbo.neocities.org/img/buttons/bt_2.jpg]
[mxbo.neocities.org/img/buttons/bt_3.gif]
[mxbo.neocities.org/img/buttons/bt_4.gif]
[mxbo.neocities.org/img/buttons/bt_5.gif]
[mxbo.neocities.org/img/buttons/bt_6.gif]
[mxbo.neocities.org/img/buttons/bt_7.gif]
[mxbo.neocities.org/img/buttons/bt_8.gif]
[mxbo.neocities.org/img/buttons/bt_9.gif]
[mxbo.neocities.org/img/buttons/bt_10.gif]
[mxbo.neocities.org/img/buttons/bt_11.gif]
[mxbo.neocities.org/img/buttons/bt_12.png]
[mxbo.neocities.org/img/buttons/bt_13.png]
[mxbo.neocities.org/img/buttons/bt_14.png]
[mxbo.neocities.org/img/buttons/bt_15.gif]
[mxbo.neocities.org/img/buttons/bt_16.jpg]
[mxbo.neocities.org/img/buttons/bt_17.gif]
[mxbo.neocities.org/img/buttons/bt_18.gif]
[mxbo.neocities.org/img/buttons/bt_19.gif]
[mxbo.neocities.org/img/buttons/bt_20.gif]
[mxbo.neocities.org/img/buttons/bt_21.gif]
[mxbo.neocities.org/img/buttons/bt_22.png]
[mxbo.neocities.org/img/buttons/bt_23.gif]
[mxbo.neocities.org/img/buttons/bt_24.png]
[mxbo.neocities.org/img/buttons/bt_25.jpg]
[mxbo.neocities.org/img/buttons/bt_26.jpg]
[mxbo.neocities.org/img/buttons/bt_27.gif]
[mxbo.neocities.org/img/buttons/bt_28.gif]
[mxbo.neocities.org/img/buttons/bt_29.gif]
[mxbo.neocities.org/img/buttons/bt_30.jpg]
[mxbo.neocities.org/img/buttons/bt_31.gif]
[mxbo.neocities.org/img/buttons/bt_32.gif]
[mxbo.neocities.org/img/buttons/bt_33.gif]
[mxbo.neocities.org/img/buttons/bt_34.gif]
[mxbo.neocities.org/img/buttons/bt_35.gif]
[mxbo.neocities.org/img/buttons/bt_36.gif]
[mxbo.neocities.org/img/buttons/bt_37.jpg]
[mxbo.neocities.org/img/buttons/bt_38.gif]
[mxbo.neocities.org/img/buttons/bt_39.gif]
[mxbo.neocities.org/img/buttons/bt_40.gif]
[mxbo.neocities.org/img/buttons/bt_41.gif]
[mxbo.neocities.org/img/buttons/bt_42.gif]
[mxbo.neocities.org/img/buttons/bt_43.gif]
[mxbo.neocities.org/img/buttons/bt_44.gif]
[mxbo.neocities.org/img/buttons/bt_45.gif]
[mxbo.neocities.org/img/buttons/bt_46.jpg]
[mxbo.neocities.org/img/buttons/bt_47.gif]
[mxbo.neocities.org/img/buttons/bt_48.png]
[mxbo.neocities.org/img/buttons/bt_49.gif]
[mxbo.neocities.org/img/buttons/bt_50.gif]
[mxbo.neocities.org/img/buttons/bt_51.gif]
[mxbo.neocities.org/img/buttons/bt_52.png]
[mxbo.neocities.org/img/buttons/bt_53.gif]
[mxbo.neocities.org/img/buttons/bt_54.gif]
[mxbo.neocities.org/img/buttons/bt_55.gif]
[mxbo.neocities.org/img/buttons/bt_56.gif]
[mxbo.neocities.org/img/buttons/bt_57.gif]
[mxbo.neocities.org/img/buttons/bt_58.png]
[mxbo.neocities.org/img/buttons/bt_59.gif]
[mxbo.neocities.org/img/buttons/bt_60.gif]
[mxbo.neocities.org/img/buttons/bt_61.gif]
[mxbo.neocities.org/img/buttons/bt_62.png]
[mxbo.neocities.org/img/buttons/bt_63.jpg]
[mxbo.neocities.org/img/buttons/bt_64.gif]
[mxbo.neocities.org/img/buttons/bt_65.gif]
[mxbo.neocities.org/img/buttons/bt_66.gif]
[mxbo.neocities.org/img/buttons/bt_67.gif]
[mxbo.neocities.org/img/buttons/bt_69.gif]
[mxbo.neocities.org/img/buttons/bt_68.gif]
[mxbo.neocities.org/img/titles/text_chat.png]
[mxbo.neocities.org/img/misc/shadow_desktopweb.jpg]
[mxbo.neocities.org/img/misc/shadow_laptop.png]
[mxbo.neocities.org/img/misc/soldier_pclp.png]
[mxbo.neocities.org/img/titles/text_entries.png]
[mxbo.neocities.org/entries/entry001.html]
[mxbo.neocities.org/entries/entry002.html]
[mxbo.neocities.org/entries/entry003.html]
[mxbo.neocities.org/entries/entry004.html]
[mxbo.neocities.org/entries/entry005.html]
[mxbo.neocities.org/entries/entry006.html]
[mxbo.neocities.org/entries/entry007.html]
[mxbo.neocities.org/entries/entry008.html]
[mxbo.neocities.org/entries/entry009.html]
[mxbo.neocities.org/entries/entry010.html]
[mxbo.neocities.org/entries/entry011.html]
[mxbo.neocities.org/entries/entry012.html]
[mxbo.neocities.org/entries/entry013.html]
[mxbo.neocities.org/img/stamps&blinkies/b_tf2_bucket.gif]
[baccyflap.com/noai/codewidget-l.gif]
[transring.neocities.org/ring.js]
[mxbo.neocities.org/rss/webring.js]
[beaus-silly-folder.neocities.org/my-webrings/FCWL/onionring-variables.js]
[beaus-silly-folder.neocities.org/my-webrings/FCWL/widgets/custom_mxbo.js]
[lopster.neocities.org/tulparing/fot/arrow blood 2.png]
[lopster.neocities.org/tulparing/fot/crop that.png]
[lopster.neocities.org/tulparing/fot/dithered-image(94).png]
[mxbo.neocities.org/img/buttons/bt_marcy.gif]
[firefairy.neocities.org/blinkes-icons/button(1).png]
[mxbo.neocities.org/img/buttons/bt_jess.png]
[maddoxxing.neocities.org/graphics/button.png]
[mxbo.neocities.org/img/buttons/bt_sharkcat.png]
[file.garden/ZqzaaX6Iv3i3b03H/BSF_button.gif]
[dropandspindash.neocities.org/DnSDbutton1.gif]
[vulpecula.neocities.org/images/vulpbutton.gif]
[bekianee.nekoweb.org/Assets/Beki_button.ad.delayed]
[nathanntan.neocities.org/avatars/button (1).png]
[mxbo.neocities.org/img/buttons/fl_shadow.png]
[mxbo.neocities.org/img/buttons/fl_sonicseries.png]
[mxbo.neocities.org/img/buttons/fl_sv.png]
[mxbo.neocities.org/img/buttons/fl_ut.png]
[troy-sucks.neocities.org/images/troysuckstarry.gif]
[blinkies.cafe/b/display/blinkiesCafe-badge.gif]
[mxbo.neocities.org/img/buttons/bt_cdroidhaven.gif]
[kyomakus.online/images/kyoonline.gif]
[dl.dropbox.com/s/265wg2om8bjr5g6/nenrikido_button.b7.delayed]
[dl.dropboxusercontent.com/s/265wg2om8bjr5g6/nenrikido_button.gif_; filename_=UTF-8''nenrikido_button.gif]
[ne0nbandit.github.io/assets/img/btn/mine/nbbanner.png]
[strovi.art/flair/button.png]
[cinni.net/images/button/cinni.button_keyklubhouse2.png]
[xp-zone.neocities.org/button.gif]
[shishka.neocities.org/link/img/shishka-on-neocities-4.gif]
[yesterweb.org/no-to-web3/img/roly-saynotoweb3.gif]
[file.garden/ZVofbDrahkhXWa2D/website/button_fade.gif]
[images2.imgbox.com/24/27/TQ8MnYEW_o.gif]
[swiftyshq.neocities.org/img/res/aff/ouraff2.gif]
[tamanotchi.world/includes/img/tamanotchi.gif]
[tamanotchi.world/includes/img/melonland-badge-2.gif]
[leizy8499.neocities.org/buttons/LEIZY8499.jpg]
[cinnamuff.neocities.org/cinnamuffbtn.png]
[dannarchy.com/images/d_now.gif]
[radiolights.neocities.org/button.gif]
[mxbo.neocities.org/img/buttons/bt_pklucky.gif]
[thewormwideweb.neocities.org/img/buttons/wormwideweb.gif]
[mxbo.neocities.org/img/buttons/bt_mimikitty49.gif]
[mxbo.neocities.org/img/buttons/bt_rainieday.png]
[mxbo.neocities.org/img/buttons/bt_sillybeanz.png]
[toothlilli.neocities.org/Buttonnn.gif]
[mxbo.neocities.org/img/buttons/bt_cloudcover.png]
[caffeineandlasers.neocities.org/Assets/CaffeineAndLasersButton.png]
[mxbo.neocities.org/img/buttons/bt_dailycats.gif]
[caitsith.neocities.org/caitbutton.gif]
[confettiguts.gay/siteImg/confettiguts.gif]
[lupinus.neocities.org/vampiresnestbutton.gif]
[olliveen.neocities.org/img/button.gif]
[obby.dog/buttons/vertpushbutton.gif]
[mxbo.neocities.org/img/buttons/bt_rukibur.gif]
[mxbo.neocities.org/img/buttons/bt_vultur.gif]
[mxbo.neocities.org/img/buttons/bt_nenkaii.gif]
[mxbo.neocities.org/img/buttons/bt_debtdeath.png]
[sunnyday.neocities.org/button0.png]
[lilithdev.neocities.org/buttons/lilithdevbtn.gif]
[mxbo.neocities.org/img/buttons/bt_absoluterealm.gif]
[mxbo.neocities.org/img/buttons/bt_cristatic.gif]
[mxbo.neocities.org/img/buttons/bt_item64.gif]
[mxbo.neocities.org/img/buttons/bt_vidapon.gif]
[files.catbox.moe/icmzgk.png]
[mxbo.neocities.org/img/buttons/bt_jadeeverstone.png]
[mxbo.neocities.org/img/buttons/bt_freakysunshine.png]
[dimden.dev/services/images/88x31.gif]
[file.garden/ZUFS5P2dI3BS8SLG/imgs/davemiller_button.gif]
[mxbo.neocities.org/img/buttons/bt_darylsun.png]
[displayman.neocities.org/Botón_página_Daniel.gif]
[mxbo.neocities.org/img/buttons/bt_corvidae.gif]
[mxbo.neocities.org/img/buttons/bt_femforrest.gif]
[mxbo.neocities.org/img/buttons/bt_thesoupsite.gif]
[mxbo.neocities.org/img/buttons/bt_pizzacatsdelights.png]
[mxbo.neocities.org/img/buttons/bt_10kph.png]
[mxbo.neocities.org/img/buttons/bt_ghostingpen.gif]
[mxbo.neocities.org/img/webstamp.gif]
[mxbo.neocities.org/img/misc/mxbo.gif]
[mxbo.neocities.org/mylight/index.html]
[mxbo.neocities.org/shadow/index.html]
[mxbo.neocities.org/img/titles/text_gallery.png]
[mxbo.neocities.org/gallery/userboxes.html]
[mxbo.neocities.org/epicthemusical/index.html]
[mxbo.neocities.org/gallery/stamps.html]
[mxbo.neocities.org/gallery/blinkiesnbadges.html]
[mxbo.neocities.org/gallery/buttons.html]
[mxbo.neocities.org/gallery/art.html]
[mxbo.neocities.org/gallery/graffiti.html]
[mxbo.neocities.org/img/titles/text_sitemap.png]
[mxbo.neocities.org/img/icons/this_computer_icon.png]
[mxbo.neocities.org/img/icons/sitemap_icon.png]
[mxbo.neocities.org/img/icons/sticky_note_icon.png]
[mxbo.neocities.org/img/icons/mail_icon.png]
[mxbo.neocities.org/img/icons/workspace_icon.png]
[mxbo.neocities.org/img/icons/image_editor_icon.png]
[mxbo.neocities.org/img/icons/shrines_icon.png]
[mxbo.neocities.org/img/icons/contact_book_icon.png]
[mxbo.neocities.org/img/icons/news_icon.png]
[mxbo.neocities.org/img/icons/folder_dark_icon.png]
[mxbo.neocities.org/img/icons/search_icon.png]
[mxbo.neocities.org/img/icons/paint_icon.png]
[mxbo.neocities.org/img/icons/theme_icon.png]
[mxbo.neocities.org/img/icons/webplayer_icon.png]
[mxbo.neocities.org/img/icons/webpage_file_icon.png]
[mxbo.neocities.org/img/icons/program_icon.png]
[mxbo.neocities.org/img/titles/text_theme.png]
[mxbo.neocities.org/img/bg/bg.gif]
[mxbo.neocities.org/img/bg/bg2.gif]
[mxbo.neocities.org/img/bg/bg11.jpg]
[mxbo.neocities.org/img/bg/bg16.jpg]
[mxbo.neocities.org/img/bg/bg3.gif]
[mxbo.neocities.org/img/bg/bg10.jpg]
[mxbo.neocities.org/img/bg/bg13.jpg]
[mxbo.neocities.org/img/bg/bg14.jpg]
[mxbo.neocities.org/img/bg/bg12.jpg]
[mxbo.neocities.org/img/bg/bg5.jpg]
[mxbo.neocities.org/img/bg/bg7.jpg]
[mxbo.neocities.org/img/bg/bg6.jpg]
[mxbo.neocities.org/img/bg/bg15.gif]
[mxbo.neocities.org/img/bg/bg8.jpg]
[mxbo.neocities.org/img/bg/bg9.jpg]
[mxbo.neocities.org/img/bg/bg4.jpg]
[mxbo.neocities.org/img/bg/bg18.png]
[mxbo.neocities.org/img/bg/bg19.gif]
[mxbo.neocities.org/webdeck-player/index.html]
[mxbo.neocities.org/news.xml]
[mxbo.neocities.org/rss/ring.html]
[mxbo.neocities.org/img/icons/pose1.png]
[mxbo.neocities.org/img/icons/this_computer.png]
[mxbo.neocities.org/img/icons/sitemap.png]
[mxbo.neocities.org/img/icons/sticky_note.png]
[mxbo.neocities.org/img/icons/mail.png]
[mxbo.neocities.org/img/icons/workspace.png]
[mxbo.neocities.org/img/icons/image_editor.png]
[mxbo.neocities.org/img/icons/shrines.png]
[mxbo.neocities.org/img/icons/contact_book.png]
[mxbo.neocities.org/img/icons/news.png]
[mxbo.neocities.org/img/icons/folder_dark.png]
[mxbo.neocities.org/img/icons/search.png]
[mxbo.neocities.org/img/icons/paint.png]
[mxbo.neocities.org/img/icons/theme.png]
[mxbo.neocities.org/img/icons/webplayer.png]
[mxbo.neocities.org/img/icons/webpage_file.png]
[mxbo.neocities.org/img/icons/program.png]
[mxbo.neocities.org/index.html]
[code.jquery.com/ui/1.12.1/themes/base/images/ui-icons_444444_256x240.png]
[code.jquery.com/ui/1.12.1/themes/base/images/ui-icons_555555_256x240.png]
[code.jquery.com/ui/1.12.1/themes/base/images/ui-icons_ffffff_256x240.png]
[code.jquery.com/ui/1.12.1/themes/base/images/ui-icons_777620_256x240.png]
[code.jquery.com/ui/1.12.1/themes/base/images/ui-icons_cc0000_256x240.png]
[code.jquery.com/ui/1.12.1/themes/base/jquery-ui.css]
[code.jquery.com/ui/1.12.1/themes/base/images/ui-icons_777777_256x240.png]
[mxbo.neocities.org/fonts/uni05_53.ttf]
[mxbo.neocities.org/fonts/uni05_63.ttf]
[mxbo.neocities.org/fonts/4x4-pixel-font.ttf]
[mxbo.neocities.org/fonts/MSSansSerif8pt.ttf]
[mxbo.neocities.org/fonts/MSSansSerif8ptbold.ttf]
[mxbo.neocities.org/fonts/upheavtt.ttf]
[mxbo.neocities.org/img/misc/banner.gif]
[mxbo.neocities.org/img/cursors/c.point.png]
[mxbo.neocities.org/img/cursors/c.text.png]
[mxbo.neocities.org/style.css]
[mxbo.neocities.org/img/cursors/c.normal.png]
[mxbo.neocities.org/img/cursors/c.diagonal.png]
[mxbo.neocities.org/img/cursors/c.horizontal.png]
[mxbo.neocities.org/img/cursors/c.vertical.png]
[mxbo.neocities.org/style_index.css]
[mxbo.neocities.org/img/cursors/c.move.png]
[code.jquery.com/jquery-3.6.0.min.js]
[mxbo.neocities.org/script_subpages.js]
[mxbo.neocities.org/style_subpages.css]
[mxbo.neocities.org/img/clutter/tech.gif]
[mxbo.neocities.org/rss/feed.html]
[code.jquery.com/jquery-1.12.4.js]
[code.jquery.com/ui/1.12.1/jquery-ui.js]
[mxbo.neocities.org/img/stamps&blinkies/u_fanfic.jpg]
[mxbo.neocities.org/img/stamps&blinkies/u_sleep.jpg]
[mxbo.neocities.org/img/stamps&blinkies/u_artist.jpg]
[mxbo.neocities.org/img/stamps&blinkies/u_sonic.jpg]
[mxbo.neocities.org/img/stamps&blinkies/u_pathetic.jpg]
[mxbo.neocities.org/img/stamps&blinkies/u_anti-terf.jpg]
[mxbo.neocities.org/img/stamps&blinkies/u_atoms.jpg]
[mxbo.neocities.org/img/stamps&blinkies/u_skip.jpg]
[mxbo.neocities.org/img/stamps&blinkies/u_cards.jpg]
[mxbo.neocities.org/img/stamps&blinkies/u_blank.jpg]
[mxbo.neocities.org/img/stamps&blinkies/u_userboxes.jpg]
[2006sea.monster/graphics/powerful.jpg]
[mxbo.neocities.org/img/stamps&blinkies/u_tf2_soldier_marcy1.jpg]
[mxbo.neocities.org/img/stamps&blinkies/u_tf2_soldier_marcy2.jpg]
[mxbo.neocities.org/img/stamps&blinkies/u_tf2_soldier_marcy3.jpg]
[mxbo.neocities.org/img/stamps&blinkies/u_tf2_soldier_marcy4.jpg]
[mxbo.neocities.org/img/stamps&blinkies/u_tf2_soldier_marcy5.jpg]
[mxbo.neocities.org/img/stamps&blinkies/u_tf2_soldier_marcy6.jpg]
[mxbo.neocities.org/img/stamps&blinkies/u_tf2_soldier_marcy7.jpg]
[mxbo.neocities.org/img/stamps&blinkies/u_tf2_soldier_marcy8.jpg]
[mxbo.neocities.org/img/stamps&blinkies/u_tf2_soldier_marcy9.jpg]
[mxbo.neocities.org/img/stamps&blinkies/u_porcorosso_marcy1.jpg]
[mxbo.neocities.org/img/stamps&blinkies/u_porcorosso_marcy2.jpg]
[mxbo.neocities.org/img/stamps&blinkies/u_porcorosso_marcy3.jpg]
[mxbo.neocities.org/img/stamps&blinkies/u_porcorosso_marcy4.jpg]
[mxbo.neocities.org/img/stamps&blinkies/u_porcorosso_marcy5.jpg]
[mxbo.neocities.org/img/stamps&blinkies/u_porcorosso_marcy6.jpg]
[mxbo.neocities.org/img/stamps&blinkies/u_porcorosso_marcy7.jpg]
[mxbo.neocities.org/img/stamps&blinkies/u_porcorosso_marcy8.jpg]
[mxbo.neocities.org/img/misc/ad-tumblr.gif]
[mxbo.neocities.org/collection/userboxes.html]
[mxbo.neocities.org/img/stamps&blinkies/s_aroace.png]
[mxbo.neocities.org/img/stamps&blinkies/s_ace.png]
[mxbo.neocities.org/img/stamps&blinkies/s_aro.png]
[mxbo.neocities.org/img/stamps&blinkies/s_agender.png]
[mxbo.neocities.org/img/stamps&blinkies/s_enby.png]
[mxbo.neocities.org/img/stamps&blinkies/s_pronouns.png]
[mxbo.neocities.org/img/stamps&blinkies/s_pyro1.png]
[mxbo.neocities.org/img/stamps&blinkies/s_pyro2.png]
[mxbo.neocities.org/img/stamps&blinkies/s_pyro4.jpg]
[mxbo.neocities.org/img/stamps&blinkies/s_pyro5.gif]
[mxbo.neocities.org/img/stamps&blinkies/s_pyro6.gif]
[mxbo.neocities.org/img/stamps&blinkies/s_scout1.gif]
[mxbo.neocities.org/img/stamps&blinkies/s_sniper1.png]
[mxbo.neocities.org/img/stamps&blinkies/s_tf2_misspauling1.gif]
[mxbo.neocities.org/img/stamps&blinkies/s_tf2_misspauling2.gif]
[mxbo.neocities.org/img/stamps&blinkies/s_tf2_misspauling3.gif]
[mxbo.neocities.org/img/stamps&blinkies/s_tf2_misspauling4.gif]
[mxbo.neocities.org/img/stamps&blinkies/s_tf2_misspauling5.gif]
[mxbo.neocities.org/img/stamps&blinkies/s_tf2_bluscout1.gif]
[mxbo.neocities.org/img/stamps&blinkies/s_tf2_bluscout2.gif]
[mxbo.neocities.org/img/stamps&blinkies/s_tf2_bluscout3.gif]
[mxbo.neocities.org/img/stamps&blinkies/s_tf2_bluscout4.gif]
[mxbo.neocities.org/img/stamps&blinkies/s_tf2_bluscout5.gif]
[mxbo.neocities.org/img/stamps&blinkies/s_tf2_bluscout6.gif]
[mxbo.neocities.org/img/stamps&blinkies/s_mspaint.jpg]
[mxbo.neocities.org/img/stamps&blinkies/s_ilikebadart.png]
[mxbo.neocities.org/img/stamps&blinkies/s_ibis.png]
[mxbo.neocities.org/img/stamps&blinkies/s_tabletartist.gif]
[mxbo.neocities.org/img/stamps&blinkies/s_suckmyfuck.png]
[mxbo.neocities.org/img/stamps&blinkies/s_dontrush.gif]
[mxbo.neocities.org/img/stamps&blinkies/s_supportdigitalart.gif]
[mxbo.neocities.org/img/stamps&blinkies/s_error.png]
[mxbo.neocities.org/img/stamps&blinkies/s_fuckai.png]
[mxbo.neocities.org/img/stamps&blinkies/s_dickfelloff.png]
[mxbo.neocities.org/img/stamps&blinkies/s_digitalartist.gif]
[mxbo.neocities.org/img/stamps&blinkies/s_pissdrawer.gif]
[mxbo.neocities.org/collection/stamps.html]
[mxbo.neocities.org/img/stamps&blinkies/b_caution.gif]
[mxbo.neocities.org/img/stamps&blinkies/b_autistic.gif]
[mxbo.neocities.org/img/stamps&blinkies/b_trans-rights.gif]
[mxbo.neocities.org/img/stamps&blinkies/b_genderless.gif]
[mxbo.neocities.org/img/stamps&blinkies/b_fuck-nfts.gif]
[mxbo.neocities.org/img/stamps&blinkies/b_medic.gif]
[mxbo.neocities.org/img/stamps&blinkies/b_anxiety.gif]
[mxbo.neocities.org/img/stamps&blinkies/b_virus.gif]
[mxbo.neocities.org/img/stamps&blinkies/b_fight-ableism.gif]
[mxbo.neocities.org/img/stamps&blinkies/b_i-eat-credit-cards.gif]
[mxbo.neocities.org/img/stamps&blinkies/b_i-have-adhd.gif]
[dl7.glitter-graphics.net/pub/120/120247mcv711uxx1.gif]
[dl9.glitter-graphics.net/pub/223/223979qnh6dwmabq.gif]
[dl4.glitter-graphics.net/pub/982/982544uury8fgu9j.gif]
[dl2.glitter-graphics.net/pub/969/969132ff3t2b4u2x.gif]
[dl.glitter-graphics.net/pub/252/252731rd2czu7vk5.gif]
[mxbo.neocities.org/img/stamps&blinkies/b_emisisblue.gif]
[mxbo.neocities.org/img/stamps&blinkies/b_soldier.gif]
[mxbo.neocities.org/img/stamps&blinkies/b_tf2.gif]
[mxbo.neocities.org/img/stamps&blinkies/b_redteam.gif]
[mxbo.neocities.org/img/stamps&blinkies/b_tropical.gif]
[mxbo.neocities.org/img/stamps&blinkies/b_zehealing.gif]
[mxbo.neocities.org/img/stamps&blinkies/b_notmedicine.gif]
[combatbaby.neocities.org/mygraphics/care.gif]
[mxbo.neocities.org/img/stamps&blinkies/t_agenderit.png]
[mxbo.neocities.org/img/stamps&blinkies/t_enbyit.png]
[mxbo.neocities.org/img/stamps&blinkies/t_transit.png]
[mxbo.neocities.org/img/stamps&blinkies/t_aroace.png]
[mxbo.neocities.org/img/stamps&blinkies/t_ace.png]
[mxbo.neocities.org/img/stamps&blinkies/t_aro.png]
[mxbo.neocities.org/img/stamps&blinkies/t_demi.png]
[mxbo.neocities.org/img/stamps&blinkies/t_recipro.png]
[mxbo.neocities.org/img/stamps&blinkies/t_likesnb.png]
[mxbo.neocities.org/img/stamps&blinkies/t_lovesgirls.png]
[mxbo.neocities.org/img/stamps&blinkies/t_qpr.png]
[mxbo.neocities.org/img/stamps&blinkies/t_qprstatus.png]
[mxbo.neocities.org/img/stamps&blinkies/t_neuro.png]
[mxbo.neocities.org/img/stamps&blinkies/t_autistic.png]
[mxbo.neocities.org/img/stamps&blinkies/t_adhd.png]
[mxbo.neocities.org/img/stamps&blinkies/t_audhd.png]
[mxbo.neocities.org/img/stamps&blinkies/t_semi-verbal.png]
[mxbo.neocities.org/img/stamps&blinkies/t_anemic.png]
[mxbo.neocities.org/img/stamps&blinkies/t_aphantasia.png]
[mxbo.neocities.org/img/stamps&blinkies/t_sleep.png]
[mxbo.neocities.org/img/stamps&blinkies/t_vision.png]
[mxbo.neocities.org/img/stamps&blinkies/t_student.png]
[mxbo.neocities.org/img/stamps&blinkies/t_writer.png]
[mxbo.neocities.org/img/stamps&blinkies/t_author.png]
[mxbo.neocities.org/img/stamps&blinkies/t_poetry.png]
[mxbo.neocities.org/img/stamps&blinkies/t_ensecond.png]
[mxbo.neocities.org/img/stamps&blinkies/t_spanishlang.png]
[mxbo.neocities.org/img/stamps&blinkies/t_spanish.png]
[mxbo.neocities.org/img/stamps&blinkies/t_catowner.png]
[mxbo.neocities.org/img/stamps&blinkies/t_dogowner.png]
[mxbo.neocities.org/img/stamps&blinkies/t_sonic.png]
[mxbo.neocities.org/img/stamps&blinkies/t_scorpio.png]
[mxbo.neocities.org/img/stamps&blinkies/t_anxious.jpg]
[mxbo.neocities.org/img/stamps&blinkies/t_osu.gif]
[mxbo.neocities.org/collection/blinkiesnbadges.html]
[mxbo.neocities.org/collection/graffiti.html]
[mxbo.neocities.org/style_entries.css]
[mxbo.neocities.org/img/signature.png]
[mxbo.neocities.org/entries/entry001.html]
[mxbo.neocities.org/entries/entry002.html]
[mxbo.neocities.org/img/stamps&blinkies/t_dialogue.png]
[mxbo.neocities.org/img/misc/request.png]
[mxbo.neocities.org/entries/entry003.html]
[mxbo.neocities.org/entries/entry004.html]
[mxbo.neocities.org/entries/entry005.html]
[mxbo.neocities.org/entries/entry006.html]
[mxbo.neocities.org/entries/entry007.html]
[mxbo.neocities.org/entries/entry008.html]
[mxbo.neocities.org/entries/entry009.html]
[mxbo.neocities.org/entries/entry010.html]
[mxbo.neocities.org/entries/entry011.html]
[mxbo.neocities.org/entries/entry012.html]
[mxbo.neocities.org/entries/entry013.html]
[mxbo.neocities.org/entries/entry014.html]
[bekianee.nekoweb.org/Assets/Beki_button.html]
[mxbo.neocities.org/soulbox.neocities.html]
[mxbo.neocities.org/mylight/ourrelationship.html]
[mxbo.neocities.org/mylight/abouther.html]
[mxbo.neocities.org/img/misc/marcie.jpg]
[mxbo.neocities.org/img/clutter/nofood.gif]
[mxbo.neocities.org/mylight/index.html]
[mxbo.neocities.org/img/stamps&blinkies/s_shadow1.gif]
[mxbo.neocities.org/img/stamps&blinkies/s_shadow2.gif]
[mxbo.neocities.org/img/stamps&blinkies/s_shadow3.gif]
[mxbo.neocities.org/img/stamps&blinkies/s_shadow4.gif]
[mxbo.neocities.org/img/stamps&blinkies/s_shadow5.gif]
[mxbo.neocities.org/img/stamps&blinkies/s_shadow6.gif]
[mxbo.neocities.org/img/misc/shadow1.jpg]
[mxbo.neocities.org/shadow/index.html]
[mxbo.neocities.org/fantasylife/index.html]
[mxbo.neocities.org/epicthemusical/epicfic.html]
[mxbo.neocities.org/img/stamps&blinkies/s_epic1.png]
[mxbo.neocities.org/img/stamps&blinkies/s_epic2.png]
[mxbo.neocities.org/img/stamps&blinkies/s_epic3.png]
[mxbo.neocities.org/img/stamps&blinkies/s_epic4.png]
[mxbo.neocities.org/img/stamps&blinkies/s_epic5.png]
[mxbo.neocities.org/img/stamps&blinkies/s_epic6.png]
[mxbo.neocities.org/img/clutter/funfact.gif]
[mxbo.neocities.org/epicthemusical/index.html]
[mxbo.neocities.org/img/stamps&blinkies/u_tf2_lover1.jpg]
[mxbo.neocities.org/img/stamps&blinkies/u_tf2_lover3.jpg]
[mxbo.neocities.org/img/stamps&blinkies/u_tf2_lover2.jpg]
[mxbo.neocities.org/img/stamps&blinkies/u_tf2_lover4.jpg]
[mxbo.neocities.org/img/stamps&blinkies/u_tf2_red2.jpg]
[mxbo.neocities.org/img/stamps&blinkies/u_tf2_red3.jpg]
[mxbo.neocities.org/img/stamps&blinkies/u_tf2_red1.jpg]
[mxbo.neocities.org/img/stamps&blinkies/u_tf2_blu1.jpg]
[mxbo.neocities.org/img/stamps&blinkies/u_tf2_blu2.jpg]
[mxbo.neocities.org/img/stamps&blinkies/u_tf2_blu3.jpg]
[mxbo.neocities.org/img/stamps&blinkies/u_tf2_2.1.png]
[mxbo.neocities.org/img/stamps&blinkies/u_tf2_2.3.jpg]
[mxbo.neocities.org/img/stamps&blinkies/u_tf2_1.1.png]
[mxbo.neocities.org/img/stamps&blinkies/u_tf2_1.2.png]
[mxbo.neocities.org/img/stamps&blinkies/u_tf2_2.2.png]
[mxbo.neocities.org/img/stamps&blinkies/u_tf2_3.1.png]
[mxbo.neocities.org/img/stamps&blinkies/u_tf2_3.2.png]
[mxbo.neocities.org/img/stamps&blinkies/u_tf2_4.1.png]
[mxbo.neocities.org/img/stamps&blinkies/u_tf2_4.2.png]
[mxbo.neocities.org/img/stamps&blinkies/u_tf2_5.1.png]
[mxbo.neocities.org/img/stamps&blinkies/u_tf2_5.2.png]
[mxbo.neocities.org/img/stamps&blinkies/u_tf2_6.1.png]
[mxbo.neocities.org/img/stamps&blinkies/u_tf2_6.2.png]
[mxbo.neocities.org/img/stamps&blinkies/u_tf2_7.1.png]
[mxbo.neocities.org/img/stamps&blinkies/u_tf2_7.2.png]
[mxbo.neocities.org/img/stamps&blinkies/u_tf2_8.1.png]
[mxbo.neocities.org/img/stamps&blinkies/u_tf2_8.2.png]
[mxbo.neocities.org/img/stamps&blinkies/u_tf2_9.1.png]
[mxbo.neocities.org/img/stamps&blinkies/u_tf2_9.2.png]
[mxbo.neocities.org/img/stamps&blinkies/u_tf2_mp2.png]
[mxbo.neocities.org/img/stamps&blinkies/u_tf2_mp3.png]
[mxbo.neocities.org/img/stamps&blinkies/u_tf2_mp1.png]
[mxbo.neocities.org/img/stamps&blinkies/u_tf2_sniper1.png]
[mxbo.neocities.org/img/stamps&blinkies/u_tf2_sniper2.png]
[mxbo.neocities.org/img/stamps&blinkies/u_tf2_sniper3.png]
[mxbo.neocities.org/img/stamps&blinkies/u_tf2_sniper4.png]
[mxbo.neocities.org/img/stamps&blinkies/u_tf2_sniper5.png]
[mxbo.neocities.org/img/stamps&blinkies/u_tf2_sniper6.png]
[mxbo.neocities.org/img/stamps&blinkies/u_tf2_sniper7.png]
[mxbo.neocities.org/img/stamps&blinkies/u_tf2_engie1.png]
[mxbo.neocities.org/img/stamps&blinkies/u_tf2_engie2.png]
[mxbo.neocities.org/img/stamps&blinkies/u_tf2_engie3.png]
[mxbo.neocities.org/img/stamps&blinkies/u_tf2_engie4.png]
[mxbo.neocities.org/img/stamps&blinkies/u_tf2_engie5.png]
[mxbo.neocities.org/img/stamps&blinkies/u_tf2_engie6.png]
[mxbo.neocities.org/img/stamps&blinkies/u_tf2_engie7.png]
[mxbo.neocities.org/img/stamps&blinkies/u_tf2_demo1.png]
[mxbo.neocities.org/img/stamps&blinkies/u_tf2_demo2.png]
[mxbo.neocities.org/img/stamps&blinkies/u_tf2_demo3.png]
[mxbo.neocities.org/img/stamps&blinkies/u_tf2_demo4.png]
[mxbo.neocities.org/img/stamps&blinkies/u_tf2_demo5.png]
[mxbo.neocities.org/img/stamps&blinkies/u_tf2_demo6.png]
[mxbo.neocities.org/img/stamps&blinkies/u_tf2_demo7.png]
[mxbo.neocities.org/img/stamps&blinkies/u_tf2_spy1.png]
[mxbo.neocities.org/img/stamps&blinkies/u_tf2_spy2.png]
[mxbo.neocities.org/img/stamps&blinkies/u_tf2_spy3.png]
[mxbo.neocities.org/img/stamps&blinkies/u_tf2_spy4.png]
[mxbo.neocities.org/img/stamps&blinkies/u_tf2_spy5.png]
[mxbo.neocities.org/img/stamps&blinkies/u_tf2_spy6.png]
[mxbo.neocities.org/img/stamps&blinkies/u_tf2_spy7.png]
[mxbo.neocities.org/img/stamps&blinkies/u_tf2_spy8.png]
[mxbo.neocities.org/img/stamps&blinkies/u_tf2_spy9.png]
[mxbo.neocities.org/img/stamps&blinkies/u_tf2_spy10.png]
[mxbo.neocities.org/img/stamps&blinkies/u_tf2_spy11.png]
[mxbo.neocities.org/img/stamps&blinkies/u_tf2_spy12.png]
[mxbo.neocities.org/img/stamps&blinkies/u_tf2_spy13.png]
[mxbo.neocities.org/img/stamps&blinkies/u_tf2_spy14.png]
[mxbo.neocities.org/img/stamps&blinkies/u_tf2_scout1.png]
[mxbo.neocities.org/img/stamps&blinkies/u_tf2_scout2.png]
[mxbo.neocities.org/img/stamps&blinkies/u_tf2_scout3.png]
[mxbo.neocities.org/img/stamps&blinkies/u_tf2_scout4.png]
[mxbo.neocities.org/img/stamps&blinkies/u_tf2_scout5.png]
[mxbo.neocities.org/img/stamps&blinkies/u_tf2_scout6.png]
[mxbo.neocities.org/img/stamps&blinkies/u_tf2_scout7.png]
[mxbo.neocities.org/img/stamps&blinkies/u_tf2_pyro1.png]
[mxbo.neocities.org/img/stamps&blinkies/u_tf2_pyro2.png]
[mxbo.neocities.org/img/stamps&blinkies/u_tf2_pyro3.png]
[mxbo.neocities.org/img/stamps&blinkies/u_tf2_pyro4.png]
[mxbo.neocities.org/img/stamps&blinkies/u_tf2_pyro5.png]
[mxbo.neocities.org/img/stamps&blinkies/u_tf2_pyro6.png]
[mxbo.neocities.org/img/stamps&blinkies/u_tf2_pyro7.png]
[mxbo.neocities.org/img/stamps&blinkies/u_tf2_medic1.png]
[mxbo.neocities.org/img/stamps&blinkies/u_tf2_medic2.png]
[mxbo.neocities.org/img/stamps&blinkies/u_tf2_medic3.png]
[mxbo.neocities.org/img/stamps&blinkies/u_tf2_medic4.png]
[mxbo.neocities.org/img/stamps&blinkies/u_tf2_medic5.png]
[mxbo.neocities.org/img/stamps&blinkies/u_tf2_medic6.png]
[mxbo.neocities.org/img/stamps&blinkies/u_tf2_medic7.png]
[mxbo.neocities.org/img/stamps&blinkies/u_tf2_medic8.png]
[mxbo.neocities.org/img/stamps&blinkies/u_tf2_medic9.png]
[mxbo.neocities.org/img/stamps&blinkies/u_tf2_medic10.png]
[mxbo.neocities.org/img/stamps&blinkies/u_tf2_medic11.png]
[mxbo.neocities.org/img/stamps&blinkies/u_tf2_medic12.png]
[mxbo.neocities.org/img/stamps&blinkies/u_tf2_medic13.png]
[mxbo.neocities.org/img/stamps&blinkies/u_tf2_medic14.png]
[mxbo.neocities.org/img/stamps&blinkies/u_tf2_medic15.png]
[mxbo.neocities.org/img/stamps&blinkies/u_tf2_medic16.png]
[mxbo.neocities.org/img/stamps&blinkies/u_tf2_medic17.png]
[mxbo.neocities.org/img/stamps&blinkies/u_tf2_medic18.png]
[mxbo.neocities.org/img/stamps&blinkies/u_tf2_scout8.png]
[mxbo.neocities.org/img/stamps&blinkies/u_tf2_scout9.png]
[mxbo.neocities.org/img/stamps&blinkies/u_tf2_scout10.png]
[mxbo.neocities.org/img/stamps&blinkies/u_tf2_scout11.png]
[mxbo.neocities.org/img/stamps&blinkies/u_tf2_scout12.png]
[mxbo.neocities.org/img/stamps&blinkies/u_tf2_scout13.png]
[mxbo.neocities.org/img/stamps&blinkies/u_tf2_scout14.png]
[mxbo.neocities.org/img/stamps&blinkies/u_tf2_heavy1.png]
[mxbo.neocities.org/img/stamps&blinkies/u_tf2_heavy2.png]
[mxbo.neocities.org/img/stamps&blinkies/u_tf2_heavy3.png]
[mxbo.neocities.org/img/stamps&blinkies/u_tf2_heavy4.png]
[mxbo.neocities.org/img/stamps&blinkies/u_tf2_heavy5.png]
[mxbo.neocities.org/img/stamps&blinkies/u_tf2_heavy6.png]
[mxbo.neocities.org/img/stamps&blinkies/u_tf2_heavy7.png]
[mxbo.neocities.org/img/stamps&blinkies/u_tf2_saxtonhale8.png]
[mxbo.neocities.org/img/stamps&blinkies/u_tf2_saxtonhale1.png]
[mxbo.neocities.org/img/stamps&blinkies/u_tf2_saxtonhale2.png]
[mxbo.neocities.org/img/stamps&blinkies/u_tf2_saxtonhale3.png]
[mxbo.neocities.org/img/stamps&blinkies/u_tf2_saxtonhale4.png]
[mxbo.neocities.org/img/stamps&blinkies/u_tf2_saxtonhale5.png]
[mxbo.neocities.org/img/stamps&blinkies/u_tf2_saxtonhale6.png]
[mxbo.neocities.org/img/stamps&blinkies/u_tf2_saxtonhale7.png]
[mxbo.neocities.org/gallery/userboxes.html]
[mxbo.neocities.org/img/stamps&blinkies/s_tf2_soldier1.gif]
[mxbo.neocities.org/img/stamps&blinkies/s_tf2_soldier2.gif]
[mxbo.neocities.org/img/stamps&blinkies/s_tf2_soldier3.gif]
[mxbo.neocities.org/img/stamps&blinkies/s_tf2_soldier4.gif]
[mxbo.neocities.org/img/stamps&blinkies/s_tf2_soldier5.gif]
[mxbo.neocities.org/img/stamps&blinkies/s_emisissoldier.gif]
[mxbo.neocities.org/img/stamps&blinkies/s_emisishelix.gif]
[mxbo.neocities.org/img/stamps&blinkies/s_emisistitle.png]
[mxbo.neocities.org/img/stamps&blinkies/s_emisishelix2.gif]
[mxbo.neocities.org/img/stamps&blinkies/s_emisistrio.png]
[mxbo.neocities.org/img/stamps&blinkies/s_emisisscout.gif]
[mxbo.neocities.org/img/stamps&blinkies/s_emisisspysoldier.gif]
[mxbo.neocities.org/img/stamps&blinkies/s_clh1.png]
[mxbo.neocities.org/img/stamps&blinkies/s_clh2.png]
[mxbo.neocities.org/img/stamps&blinkies/s_clh3.png]
[mxbo.neocities.org/img/stamps&blinkies/s_clh4.png]
[mxbo.neocities.org/img/stamps&blinkies/s_clh5.png]
[mxbo.neocities.org/img/stamps&blinkies/s_clh6.png]
[mxbo.neocities.org/img/stamps&blinkies/s_clh7.png]
[mxbo.neocities.org/img/stamps&blinkies/s_clh8.png]
[mxbo.neocities.org/img/stamps&blinkies/s_clh9.png]
[mxbo.neocities.org/img/stamps&blinkies/s_fantasylife1.gif]
[mxbo.neocities.org/img/stamps&blinkies/s_fantasylife2.gif]
[mxbo.neocities.org/img/stamps&blinkies/s_fantasylife3.gif]
[mxbo.neocities.org/img/stamps&blinkies/s_fantasylife4.gif]
[mxbo.neocities.org/img/stamps&blinkies/s_fantasylife5.png]
[mxbo.neocities.org/img/stamps&blinkies/s_fantasylife6.png]
[mxbo.neocities.org/img/stamps&blinkies/s_fantasylife7.png]
[mxbo.neocities.org/img/stamps&blinkies/s_fantasylife8.png]
[mxbo.neocities.org/img/stamps&blinkies/s_fantasylife10.png]
[mxbo.neocities.org/img/stamps&blinkies/s_fantasylife9.png]
[mxbo.neocities.org/img/stamps&blinkies/s_fantasylife11.png]
[mxbo.neocities.org/img/stamps&blinkies/s_fantasylife12.png]
[mxbo.neocities.org/img/stamps&blinkies/s_fuckai2.gif]
[mxbo.neocities.org/img/stamps&blinkies/s_fuckai2v2.gif]
[mxbo.neocities.org/img/stamps&blinkies/s_truths.gif]
[mxbo.neocities.org/img/stamps&blinkies/s_fuckai2.png]
[mxbo.neocities.org/img/stamps&blinkies/s_fucknfts.png]
[mxbo.neocities.org/img/stamps&blinkies/s_marcie1.png]
[mxbo.neocities.org/img/stamps&blinkies/s_marcie2.png]
[mxbo.neocities.org/img/stamps&blinkies/s_marcie3.png]
[mxbo.neocities.org/img/stamps&blinkies/s_marcie4.png]
[mxbo.neocities.org/img/stamps&blinkies/s_marcie5.png]
[mxbo.neocities.org/img/stamps&blinkies/s_marcie6.png]
[mxbo.neocities.org/img/stamps&blinkies/s_marcie7.png]
[mxbo.neocities.org/img/stamps&blinkies/s_marcie8.png]
[mxbo.neocities.org/img/stamps&blinkies/s_marcie9.png]
[mxbo.neocities.org/img/stamps&blinkies/s_marcie10.png]
[mxbo.neocities.org/img/stamps&blinkies/s_marcie11.png]
[mxbo.neocities.org/img/stamps&blinkies/s_marcie12.png]
[mxbo.neocities.org/img/stamps&blinkies/s_tf2_engie1.gif]
[mxbo.neocities.org/img/stamps&blinkies/s_tf2_engie2.gif]
[mxbo.neocities.org/img/stamps&blinkies/s_tf2_engie3.gif]
[mxbo.neocities.org/img/stamps&blinkies/s_tf2_engie4.gif]
[mxbo.neocities.org/img/stamps&blinkies/s_tf2_engie5.gif]
[mxbo.neocities.org/img/stamps&blinkies/s_tf2_engie6.gif]
[mxbo.neocities.org/img/stamps&blinkies/s_tf2_engie7.gif]
[mxbo.neocities.org/img/stamps&blinkies/s_tf2_engie8.gif]
[mxbo.neocities.org/img/stamps&blinkies/s_tf2_engie9.png]
[mxbo.neocities.org/img/stamps&blinkies/s_tf2_engie10.gif]
[mxbo.neocities.org/img/stamps&blinkies/s_tf2_engie11.gif]
[mxbo.neocities.org/img/stamps&blinkies/s_tf2_engie12.gif]
[mxbo.neocities.org/img/stamps&blinkies/s_tf2_heavy1.gif]
[mxbo.neocities.org/img/stamps&blinkies/s_tf2_heavy2.gif]
[mxbo.neocities.org/img/stamps&blinkies/s_tf2_heavy3.gif]
[mxbo.neocities.org/img/stamps&blinkies/s_tf2_heavy4.gif]
[mxbo.neocities.org/img/stamps&blinkies/s_tf2_heavy5.gif]
[mxbo.neocities.org/img/stamps&blinkies/s_tf2_heavy6.gif]
[mxbo.neocities.org/img/stamps&blinkies/s_tf2_heavy7.gif]
[mxbo.neocities.org/img/stamps&blinkies/s_tf2_heavy8.gif]
[mxbo.neocities.org/img/stamps&blinkies/s_tf2_heavy9.gif]
[mxbo.neocities.org/img/stamps&blinkies/s_tf2_heavy10.gif]
[mxbo.neocities.org/img/stamps&blinkies/s_tf2_heavy11.gif]
[mxbo.neocities.org/img/stamps&blinkies/s_tf2_heavy12.gif]
[mxbo.neocities.org/img/stamps&blinkies/s_tf2_soldier10.gif]
[mxbo.neocities.org/img/stamps&blinkies/s_tf2_soldier11.gif]
[mxbo.neocities.org/img/stamps&blinkies/s_tf2_soldier9.gif]
[mxbo.neocities.org/img/stamps&blinkies/s_tf2_soldier6.gif]
[mxbo.neocities.org/img/stamps&blinkies/s_tf2_soldier7.gif]
[mxbo.neocities.org/img/stamps&blinkies/s_tf2_soldier8.gif]
[mxbo.neocities.org/img/stamps&blinkies/s_tf2_bootsnbombs1.png]
[mxbo.neocities.org/img/stamps&blinkies/s_tf2_bootsnbombs2.gif]
[mxbo.neocities.org/img/stamps&blinkies/s_tf2_bootsnbombs3.png]
[mxbo.neocities.org/img/stamps&blinkies/s_tf2_bootsnbombs4.png]
[mxbo.neocities.org/img/stamps&blinkies/s_tf2_bootsnbombs5.png]
[mxbo.neocities.org/img/stamps&blinkies/s_tf2_bootsnbombs6.png]
[mxbo.neocities.org/img/stamps&blinkies/s_tf2_bootsnbombs7.gif]
[mxbo.neocities.org/img/stamps&blinkies/s_tf2_bootsnbombs8.gif]
[mxbo.neocities.org/img/stamps&blinkies/s_tf2_bootsnbombs9.gif]
[mxbo.neocities.org/img/stamps&blinkies/s_tf2_bootsnbombs10.gif]
[mxbo.neocities.org/img/stamps&blinkies/s_tf2_sniper0.png]
[mxbo.neocities.org/img/stamps&blinkies/s_tf2_sniper1.gif]
[mxbo.neocities.org/img/stamps&blinkies/s_tf2_sniper2.gif]
[mxbo.neocities.org/img/stamps&blinkies/s_tf2_sniper3.gif]
[mxbo.neocities.org/img/stamps&blinkies/s_tf2_sniper4.gif]
[mxbo.neocities.org/img/stamps&blinkies/s_tf2_sniper5.gif]
[mxbo.neocities.org/img/stamps&blinkies/s_tf2_sniper6.gif]
[mxbo.neocities.org/img/stamps&blinkies/s_tf2_sniper7.gif]
[mxbo.neocities.org/img/stamps&blinkies/s_tf2_sniper8.gif]
[mxbo.neocities.org/img/stamps&blinkies/s_tf2_sniper9.gif]
[mxbo.neocities.org/img/stamps&blinkies/s_tf2_sniper10.gif]
[mxbo.neocities.org/img/stamps&blinkies/s_tf2_sniper11.gif]
[mxbo.neocities.org/img/stamps&blinkies/s_tf2_sniper12.gif]
[mxbo.neocities.org/img/stamps&blinkies/s_tf2_pyro7.gif]
[mxbo.neocities.org/img/stamps&blinkies/s_tf2_pyro12.gif]
[mxbo.neocities.org/img/stamps&blinkies/s_tf2_pyro9.gif]
[mxbo.neocities.org/img/stamps&blinkies/s_tf2_pyro10.gif]
[mxbo.neocities.org/img/stamps&blinkies/s_tf2_pyro1.gif]
[mxbo.neocities.org/img/stamps&blinkies/s_tf2_pyro3.gif]
[mxbo.neocities.org/img/stamps&blinkies/s_tf2_pyro2.gif]
[mxbo.neocities.org/img/stamps&blinkies/s_tf2_pyro4.gif]
[mxbo.neocities.org/img/stamps&blinkies/s_tf2_pyro11.gif]
[mxbo.neocities.org/img/stamps&blinkies/s_tf2_pyro6.gif]
[mxbo.neocities.org/img/stamps&blinkies/s_tf2_pyro8.gif]
[mxbo.neocities.org/img/stamps&blinkies/s_tf2_pyro5.gif]
[mxbo.neocities.org/img/stamps&blinkies/s_tf2_helmetparty1.gif]
[mxbo.neocities.org/img/stamps&blinkies/s_tf2_helmetparty2.gif]
[mxbo.neocities.org/img/stamps&blinkies/s_tf2_helmetparty3.gif]
[mxbo.neocities.org/img/stamps&blinkies/s_tf2_helmetparty4.gif]
[mxbo.neocities.org/img/stamps&blinkies/s_tf2_helmetparty5.gif]
[mxbo.neocities.org/img/stamps&blinkies/s_tf2_helmetparty6.gif]
[mxbo.neocities.org/img/stamps&blinkies/s_tf2_helmetparty7.gif]
[mxbo.neocities.org/img/stamps&blinkies/s_tf2_helmetparty8.gif]
[mxbo.neocities.org/img/stamps&blinkies/s_tf2_helmetparty9.gif]
[mxbo.neocities.org/gallery/stamps.html]
[mxbo.neocities.org/img/stamps&blinkies/b_tf2_fighting.gif]
[mxbo.neocities.org/img/stamps&blinkies/t_yapper.png]
[mxbo.neocities.org/img/stamps&blinkies/t_rssfeed.png]
[mxbo.neocities.org/img/stamps&blinkies/t_atomfeed1.png]
[mxbo.neocities.org/img/stamps&blinkies/t_neocities.png]
[mxbo.neocities.org/gallery/blinkiesnbadges.html]
[mxbo.neocities.org/img/buttons/bt_marcy1.gif]
[mxbo.neocities.org/gallery/buttons.html]
[mxbo.neocities.org/img/art/2024_TR1.png]
[mxbo.neocities.org/img/art/2024_TR2.png]
[mxbo.neocities.org/img/art/2024_TR3.jpg]
[mxbo.neocities.org/img/art/2024_TR4.png]
[mxbo.neocities.org/img/art/2024_TRBG1.png]
[mxbo.neocities.org/img/art/2024_TRBG2.png]
[mxbo.neocities.org/img/art/2024_TRBG3.png]
[mxbo.neocities.org/img/art/2024_TRBG4.png]
[mxbo.neocities.org/img/art/2024_TRBG5.png]
[mxbo.neocities.org/img/art/2024_TR3.1.png]
[mxbo.neocities.org/img/art/2024_TR5.png]
[mxbo.neocities.org/img/art/2024_AF1.png]
[mxbo.neocities.org/img/art/2024_AF2.png]
[mxbo.neocities.org/img/art/2024_AF3.png]
[mxbo.neocities.org/img/art/2024_AF5.png]
[mxbo.neocities.org/img/art/2024_AF6.png]
[mxbo.neocities.org/img/art/2024_PW1.png]
[mxbo.neocities.org/img/art/2024_PW2.png]
[mxbo.neocities.org/img/art/2024_PW3.png]
[mxbo.neocities.org/img/art/2024_PW4.png]
[mxbo.neocities.org/img/art/2024_PW5.png]
[mxbo.neocities.org/img/art/2023_AF1.png]
[mxbo.neocities.org/img/art/2023_AF2.png]
[mxbo.neocities.org/img/art/2023_AF7.png]
[mxbo.neocities.org/img/art/2023_AF3.png]
[mxbo.neocities.org/img/art/2023_AF4.png]
[mxbo.neocities.org/img/art/2023_AF6.png]
[mxbo.neocities.org/img/art/2023_AF8.png]
[mxbo.neocities.org/img/art/2023_AF11.png]
[mxbo.neocities.org/img/art/2023_AF12.png]
[mxbo.neocities.org/img/art/2023_AF9.png]
[mxbo.neocities.org/img/art/2023_AF10.png]
[mxbo.neocities.org/img/art/2023_AF13.png]
[mxbo.neocities.org/img/art/2023_AF14.png]
[mxbo.neocities.org/img/art/2023_AF15.png]
[mxbo.neocities.org/img/art/2023_AF18.png]
[mxbo.neocities.org/img/art/2023_AF19.png]
[mxbo.neocities.org/img/art/2023_AF21.png]
[mxbo.neocities.org/img/art/2023_AF22.png]
[mxbo.neocities.org/img/art/2023_AF26.png]
[mxbo.neocities.org/img/art/2023_AF20.png]
[mxbo.neocities.org/img/art/2023_AF27.png]
[mxbo.neocities.org/img/art/2023_AF28.png]
[mxbo.neocities.org/img/art/2023_AF29.png]
[mxbo.neocities.org/img/art/2023_AF30.png]
[mxbo.neocities.org/img/art/2023_AF33.png]
[mxbo.neocities.org/img/art/2023_AF31.png]
[mxbo.neocities.org/img/art/2023_AF34.png]
[mxbo.neocities.org/img/art/2023_AF24.png]
[mxbo.neocities.org/img/art/2023_AF36.png]
[mxbo.neocities.org/img/art/2023_AF37.png]
[mxbo.neocities.org/img/art/2023_AF23.png]
[mxbo.neocities.org/img/art/2023_AF5.png]
[mxbo.neocities.org/img/art/2023_AF38.png]
[mxbo.neocities.org/img/art/2023_AF32.png]
[mxbo.neocities.org/img/art/2023_AF17.png]
[mxbo.neocities.org/img/art/2023_AF25.png]
[mxbo.neocities.org/img/art/2023_AF16.png]
[mxbo.neocities.org/img/art/2023_PW1.png]
[mxbo.neocities.org/img/art/2024_STR1.png]
[mxbo.neocities.org/img/art/2024_STR2.png]
[mxbo.neocities.org/img/art/2024_STR3.png]
[mxbo.neocities.org/img/art/2024_STR4.png]
[mxbo.neocities.org/img/art/2024_SPW3.jpg]
[mxbo.neocities.org/img/art/2024_SPW4.jpg]
[mxbo.neocities.org/img/art/2024_SPW5.jpg]
[mxbo.neocities.org/img/art/2024_SPW2.jpg]
[mxbo.neocities.org/img/art/2024_SPW1.jpg]
[mxbo.neocities.org/img/art/2024_SPW6.jpg]
[mxbo.neocities.org/img/art/2024_SPW7.jpg]
[mxbo.neocities.org/gallery/art.html]
[mxbo.neocities.org/gallery/graffiti.html]
[mxbo.neocities.org/webdeck-player/themes/default/webdeck-player.css]
[mxbo.neocities.org/webdeck-player/index.html]
[mxbo.neocities.org/webdeck-player/script.js]
[mxbo.neocities.org/img/buttons/bt_zorana.png]
[mxbo.neocities.org/img/buttons/bt_bohemiansultriness.gif]
[mxbo.neocities.org/img/buttons/bt_muttthecowcat.png]
[mxbo.neocities.org/img/buttons/bt_montageofkurt.png]
[mxbo.neocities.org/img/buttons/bt_shellsharks.gif]
[pastel-skies.nekoweb.org/dembuttons/Nova_Galaxium_Button.gif]
[mxbo.neocities.org/img/buttons/bt_yumaverse.png]
[mxbo.neocities.org/img/buttons/bt_deletethematrix.png]
[mxbo.neocities.org/img/buttons/bt_beki.gif]
[mxbo.neocities.org/img/buttons/bt_rssfeed.png]
[mxbo.neocities.org/img/buttons/bt_atomfeed2.png]
[mxbo.neocities.org/rss/ring.html]
[mxbo.neocities.org/bg.html]
[mxbo.neocities.org/img/cursors/a.up.svg]
[mxbo.neocities.org/img/cursors/a.down.svg]
[ice-creme.de/images/background-noise.html]
[mxbo.neocities.org/style_subpages.css]
[mxbo.neocities.org/rss/webring.html]
[mxbo.neocities.org/entries/script.html]
[mxbo.neocities.org/style_entries.css]
[mxbo.neocities.org/img/misc/f.transmasc case.png]
[mxbo.neocities.org/img/misc/f.cannibal transmasc.png]
[mxbo.neocities.org/img/misc/f.aroace novem.png]
[mxbo.neocities.org/img/misc/f.cannibal aroace.png]
[mxbo.neocities.org/img/clutter/the_info_above.png]
[mxbo.neocities.org/mylight/ourrelationship.html]
[mxbo.neocities.org/img/misc/tbath.jpg]
[mxbo.neocities.org/img/misc/rango.jpg]
[mxbo.neocities.org/img/misc/shinchan.png]
[mxbo.neocities.org/img/misc/undertale.jpg]
[mxbo.neocities.org/img/misc/deltarune.png]
[mxbo.neocities.org/img/misc/omori.png]
[mxbo.neocities.org/img/misc/ed.png]
[mxbo.neocities.org/img/buttons/bt_tumblr.jpg]
[mxbo.neocities.org/img/clutter/clutter.gif]
[mxbo.neocities.org/mylight/abouther.html]
[mxbo.neocities.org/mylight/WRONG.html]
[mxbo.neocities.org/epicthemusical/epicfic.html]
[mxbo.neocities.org/favicon.html]
[mxbo.neocities.org/webdeck-player/themes/default/fonts/slkscr.ttf]
[mxbo.neocities.org/img/art/2024_AF4.png]
[mxbo.neocities.org/webdeck-player/themes/default/images/green-light-off.gif]
[mxbo.neocities.org/webdeck-player/themes/default/images/green-light-on.gif]
[mxbo.neocities.org/webdeck-player/themes/default/images/slider.gif]
[mxbo.neocities.org/webdeck-player/themes/default/webdeck-player.css]
[mxbo.neocities.org/rss/news.html]
[mxbo.neocities.org/index]
[mxbo.neocities.org/mylight/mylight.html]
